<?xml version="1.0"?>
<link_info>
   <banner>TI ARM Linker PC v5.1.6</banner>
   <copyright>Copyright (c) 1996-2014 Texas Instruments Incorporated</copyright>
   <link_time>0x5547a97f</link_time>
   <link_errors>0x0</link_errors>
   <output_file>iot_control.out</output_file>
   <entry_point>
      <name>_c_int00</name>
      <address>0x2000c54d</address>
   </entry_point>
   <input_file_list>
      <input_file id="fl-2">
         <path>.\</path>
         <kind>object</kind>
         <file>gpio_if.obj</file>
         <name>gpio_if.obj</name>
      </input_file>
      <input_file id="fl-3">
         <path>.\</path>
         <kind>object</kind>
         <file>main.obj</file>
         <name>main.obj</name>
      </input_file>
      <input_file id="fl-4">
         <path>.\</path>
         <kind>object</kind>
         <file>smartconfig.obj</file>
         <name>smartconfig.obj</name>
      </input_file>
      <input_file id="fl-5">
         <path>.\</path>
         <kind>object</kind>
         <file>startup_ccs.obj</file>
         <name>startup_ccs.obj</name>
      </input_file>
      <input_file id="fl-6">
         <path>.\</path>
         <kind>object</kind>
         <file>uart_if.obj</file>
         <name>uart_if.obj</name>
      </input_file>
      <input_file id="fl-7">
         <path>.\</path>
         <kind>object</kind>
         <file>udma_if.obj</file>
         <name>udma_if.obj</name>
      </input_file>
      <input_file id="fl-8">
         <path>.\source\system\</path>
         <kind>object</kind>
         <file>network.obj</file>
         <name>network.obj</name>
      </input_file>
      <input_file id="fl-9">
         <path>.\source\system\</path>
         <kind>object</kind>
         <file>system.obj</file>
         <name>system.obj</name>
      </input_file>
      <input_file id="fl-a">
         <path>.\source\</path>
         <kind>object</kind>
         <file>pin_mux_config.obj</file>
         <name>pin_mux_config.obj</name>
      </input_file>
      <input_file id="fl-b">
         <path>.\source\hardware\uart\</path>
         <kind>object</kind>
         <file>uartA0.obj</file>
         <name>uartA0.obj</name>
      </input_file>
      <input_file id="fl-c">
         <path>.\source\hardware\io\</path>
         <kind>object</kind>
         <file>io.obj</file>
         <name>io.obj</name>
      </input_file>
      <input_file id="fl-13c">
         <path>c:\ti\ccsv6\tools\compiler\arm_5.1.6\lib\</path>
         <kind>archive</kind>
         <file>rtsv7M4_T_le_eabi.lib</file>
         <name>boot.obj</name>
      </input_file>
      <input_file id="fl-13d">
         <path>c:\ti\ccsv6\tools\compiler\arm_5.1.6\lib\</path>
         <kind>archive</kind>
         <file>rtsv7M4_T_le_eabi.lib</file>
         <name>copy_decompress_none.obj</name>
      </input_file>
      <input_file id="fl-13e">
         <path>c:\ti\ccsv6\tools\compiler\arm_5.1.6\lib\</path>
         <kind>archive</kind>
         <file>rtsv7M4_T_le_eabi.lib</file>
         <name>copy_decompress_rle.obj</name>
      </input_file>
      <input_file id="fl-13f">
         <path>c:\ti\ccsv6\tools\compiler\arm_5.1.6\lib\</path>
         <kind>archive</kind>
         <file>rtsv7M4_T_le_eabi.lib</file>
         <name>copy_zero_init.obj</name>
      </input_file>
      <input_file id="fl-140">
         <path>c:\ti\ccsv6\tools\compiler\arm_5.1.6\lib\</path>
         <kind>archive</kind>
         <file>rtsv7M4_T_le_eabi.lib</file>
         <name>exit.obj</name>
      </input_file>
      <input_file id="fl-141">
         <path>c:\ti\ccsv6\tools\compiler\arm_5.1.6\lib\</path>
         <kind>archive</kind>
         <file>rtsv7M4_T_le_eabi.lib</file>
         <name>memcmp.obj</name>
      </input_file>
      <input_file id="fl-142">
         <path>c:\ti\ccsv6\tools\compiler\arm_5.1.6\lib\</path>
         <kind>archive</kind>
         <file>rtsv7M4_T_le_eabi.lib</file>
         <name>memcpy_t2.obj</name>
      </input_file>
      <input_file id="fl-143">
         <path>c:\ti\ccsv6\tools\compiler\arm_5.1.6\lib\</path>
         <kind>archive</kind>
         <file>rtsv7M4_T_le_eabi.lib</file>
         <name>memmov.obj</name>
      </input_file>
      <input_file id="fl-144">
         <path>c:\ti\ccsv6\tools\compiler\arm_5.1.6\lib\</path>
         <kind>archive</kind>
         <file>rtsv7M4_T_le_eabi.lib</file>
         <name>memory.obj</name>
      </input_file>
      <input_file id="fl-145">
         <path>c:\ti\ccsv6\tools\compiler\arm_5.1.6\lib\</path>
         <kind>archive</kind>
         <file>rtsv7M4_T_le_eabi.lib</file>
         <name>memset_t2.obj</name>
      </input_file>
      <input_file id="fl-146">
         <path>c:\ti\ccsv6\tools\compiler\arm_5.1.6\lib\</path>
         <kind>archive</kind>
         <file>rtsv7M4_T_le_eabi.lib</file>
         <name>stkdepth_vars.obj</name>
      </input_file>
      <input_file id="fl-147">
         <path>c:\ti\ccsv6\tools\compiler\arm_5.1.6\lib\</path>
         <kind>archive</kind>
         <file>rtsv7M4_T_le_eabi.lib</file>
         <name>strlen.obj</name>
      </input_file>
      <input_file id="fl-148">
         <path>c:\ti\ccsv6\tools\compiler\arm_5.1.6\lib\</path>
         <kind>archive</kind>
         <file>rtsv7M4_T_le_eabi.lib</file>
         <name>vsnprintf.obj</name>
      </input_file>
      <input_file id="fl-149">
         <path>c:\ti\ccsv6\tools\compiler\arm_5.1.6\lib\</path>
         <kind>archive</kind>
         <file>rtsv7M4_T_le_eabi.lib</file>
         <name>_lock.obj</name>
      </input_file>
      <input_file id="fl-14a">
         <path>c:\ti\ccsv6\tools\compiler\arm_5.1.6\lib\</path>
         <kind>archive</kind>
         <file>rtsv7M4_T_le_eabi.lib</file>
         <name>_printfi.obj</name>
      </input_file>
      <input_file id="fl-14b">
         <path>c:\ti\ccsv6\tools\compiler\arm_5.1.6\lib\</path>
         <kind>archive</kind>
         <file>rtsv7M4_T_le_eabi.lib</file>
         <name>args_main.obj</name>
      </input_file>
      <input_file id="fl-14c">
         <path>c:\ti\ccsv6\tools\compiler\arm_5.1.6\lib\</path>
         <kind>archive</kind>
         <file>rtsv7M4_T_le_eabi.lib</file>
         <name>atoi.obj</name>
      </input_file>
      <input_file id="fl-14d">
         <path>c:\ti\ccsv6\tools\compiler\arm_5.1.6\lib\</path>
         <kind>archive</kind>
         <file>rtsv7M4_T_le_eabi.lib</file>
         <name>auto_init.obj</name>
      </input_file>
      <input_file id="fl-14e">
         <path>c:\ti\ccsv6\tools\compiler\arm_5.1.6\lib\</path>
         <kind>archive</kind>
         <file>rtsv7M4_T_le_eabi.lib</file>
         <name>cpy_tbl.obj</name>
      </input_file>
      <input_file id="fl-14f">
         <path>c:\ti\ccsv6\tools\compiler\arm_5.1.6\lib\</path>
         <kind>archive</kind>
         <file>rtsv7M4_T_le_eabi.lib</file>
         <name>ctype.obj</name>
      </input_file>
      <input_file id="fl-150">
         <path>c:\ti\ccsv6\tools\compiler\arm_5.1.6\lib\</path>
         <kind>archive</kind>
         <file>rtsv7M4_T_le_eabi.lib</file>
         <name>fd_add_t2.obj</name>
      </input_file>
      <input_file id="fl-151">
         <path>c:\ti\ccsv6\tools\compiler\arm_5.1.6\lib\</path>
         <kind>archive</kind>
         <file>rtsv7M4_T_le_eabi.lib</file>
         <name>fd_cmp_t2.obj</name>
      </input_file>
      <input_file id="fl-152">
         <path>c:\ti\ccsv6\tools\compiler\arm_5.1.6\lib\</path>
         <kind>archive</kind>
         <file>rtsv7M4_T_le_eabi.lib</file>
         <name>fd_div_t2.obj</name>
      </input_file>
      <input_file id="fl-153">
         <path>c:\ti\ccsv6\tools\compiler\arm_5.1.6\lib\</path>
         <kind>archive</kind>
         <file>rtsv7M4_T_le_eabi.lib</file>
         <name>fd_mul_t2.obj</name>
      </input_file>
      <input_file id="fl-154">
         <path>c:\ti\ccsv6\tools\compiler\arm_5.1.6\lib\</path>
         <kind>archive</kind>
         <file>rtsv7M4_T_le_eabi.lib</file>
         <name>fd_toi_t2.obj</name>
      </input_file>
      <input_file id="fl-155">
         <path>c:\ti\ccsv6\tools\compiler\arm_5.1.6\lib\</path>
         <kind>archive</kind>
         <file>rtsv7M4_T_le_eabi.lib</file>
         <name>i_tofd_t2.obj</name>
      </input_file>
      <input_file id="fl-156">
         <path>c:\ti\ccsv6\tools\compiler\arm_5.1.6\lib\</path>
         <kind>archive</kind>
         <file>rtsv7M4_T_le_eabi.lib</file>
         <name>ll_mul_t2.obj</name>
      </input_file>
      <input_file id="fl-157">
         <path>c:\ti\ccsv6\tools\compiler\arm_5.1.6\lib\</path>
         <kind>archive</kind>
         <file>rtsv7M4_T_le_eabi.lib</file>
         <name>ltoa.obj</name>
      </input_file>
      <input_file id="fl-158">
         <path>c:\ti\ccsv6\tools\compiler\arm_5.1.6\lib\</path>
         <kind>archive</kind>
         <file>rtsv7M4_T_le_eabi.lib</file>
         <name>memccpy.obj</name>
      </input_file>
      <input_file id="fl-159">
         <path>c:\ti\ccsv6\tools\compiler\arm_5.1.6\lib\</path>
         <kind>archive</kind>
         <file>rtsv7M4_T_le_eabi.lib</file>
         <name>ull_div_t2.obj</name>
      </input_file>
      <input_file id="fl-15a">
         <path>c:\ti\ccsv6\tools\compiler\arm_5.1.6\lib\</path>
         <kind>archive</kind>
         <file>rtsv7M4_T_le_eabi.lib</file>
         <name>xdclass.obj</name>
      </input_file>
      <input_file id="fl-15b">
         <path>c:\ti\ccsv6\tools\compiler\arm_5.1.6\lib\</path>
         <kind>archive</kind>
         <file>rtsv7M4_T_le_eabi.lib</file>
         <name>xdtest.obj</name>
      </input_file>
      <input_file id="fl-15c">
         <path>C:\ti\CC3200SDK_1.0.0\cc3200-sdk\simplelink\ccs\OS\</path>
         <kind>archive</kind>
         <file>simplelink.a</file>
         <name>device.obj</name>
      </input_file>
      <input_file id="fl-15d">
         <path>C:\ti\CC3200SDK_1.0.0\cc3200-sdk\simplelink\ccs\OS\</path>
         <kind>archive</kind>
         <file>simplelink.a</file>
         <name>driver.obj</name>
      </input_file>
      <input_file id="fl-15e">
         <path>C:\ti\CC3200SDK_1.0.0\cc3200-sdk\simplelink\ccs\OS\</path>
         <kind>archive</kind>
         <file>simplelink.a</file>
         <name>flowcont.obj</name>
      </input_file>
      <input_file id="fl-15f">
         <path>C:\ti\CC3200SDK_1.0.0\cc3200-sdk\simplelink\ccs\OS\</path>
         <kind>archive</kind>
         <file>simplelink.a</file>
         <name>netapp.obj</name>
      </input_file>
      <input_file id="fl-160">
         <path>C:\ti\CC3200SDK_1.0.0\cc3200-sdk\simplelink\ccs\OS\</path>
         <kind>archive</kind>
         <file>simplelink.a</file>
         <name>netcfg.obj</name>
      </input_file>
      <input_file id="fl-161">
         <path>C:\ti\CC3200SDK_1.0.0\cc3200-sdk\simplelink\ccs\OS\</path>
         <kind>archive</kind>
         <file>simplelink.a</file>
         <name>socket.obj</name>
      </input_file>
      <input_file id="fl-162">
         <path>C:\ti\CC3200SDK_1.0.0\cc3200-sdk\simplelink\ccs\OS\</path>
         <kind>archive</kind>
         <file>simplelink.a</file>
         <name>wlan.obj</name>
      </input_file>
      <input_file id="fl-163">
         <path>C:\ti\CC3200SDK_1.0.0\cc3200-sdk\simplelink\ccs\OS\</path>
         <kind>archive</kind>
         <file>simplelink.a</file>
         <name>cc_pal.obj</name>
      </input_file>
      <input_file id="fl-164">
         <path>C:\ti\CC3200SDK_1.0.0\cc3200-sdk\driverlib\ccs\Release\</path>
         <kind>archive</kind>
         <file>driverlib.a</file>
         <name>gpio.obj</name>
      </input_file>
      <input_file id="fl-165">
         <path>C:\ti\CC3200SDK_1.0.0\cc3200-sdk\driverlib\ccs\Release\</path>
         <kind>archive</kind>
         <file>driverlib.a</file>
         <name>interrupt.obj</name>
      </input_file>
      <input_file id="fl-166">
         <path>C:\ti\CC3200SDK_1.0.0\cc3200-sdk\driverlib\ccs\Release\</path>
         <kind>archive</kind>
         <file>driverlib.a</file>
         <name>pin.obj</name>
      </input_file>
      <input_file id="fl-167">
         <path>C:\ti\CC3200SDK_1.0.0\cc3200-sdk\driverlib\ccs\Release\</path>
         <kind>archive</kind>
         <file>driverlib.a</file>
         <name>prcm.obj</name>
      </input_file>
      <input_file id="fl-168">
         <path>C:\ti\CC3200SDK_1.0.0\cc3200-sdk\driverlib\ccs\Release\</path>
         <kind>archive</kind>
         <file>driverlib.a</file>
         <name>spi.obj</name>
      </input_file>
      <input_file id="fl-169">
         <path>C:\ti\CC3200SDK_1.0.0\cc3200-sdk\driverlib\ccs\Release\</path>
         <kind>archive</kind>
         <file>driverlib.a</file>
         <name>uart.obj</name>
      </input_file>
      <input_file id="fl-16a">
         <path>C:\ti\CC3200SDK_1.0.0\cc3200-sdk\driverlib\ccs\Release\</path>
         <kind>archive</kind>
         <file>driverlib.a</file>
         <name>udma.obj</name>
      </input_file>
      <input_file id="fl-16b">
         <path>C:\ti\CC3200SDK_1.0.0\cc3200-sdk\driverlib\ccs\Release\</path>
         <kind>archive</kind>
         <file>driverlib.a</file>
         <name>utils.obj</name>
      </input_file>
      <input_file id="fl-16c">
         <path>C:\ti\CC3200SDK_1.0.0\cc3200-sdk\driverlib\ccs\Release\</path>
         <kind>archive</kind>
         <file>driverlib.a</file>
         <name>cpu.obj</name>
      </input_file>
      <input_file id="fl-16d">
         <path>C:\ti\CC3200SDK_1.0.0\cc3200-sdk\driverlib\ccs\Release\</path>
         <kind>archive</kind>
         <file>driverlib.a</file>
         <name>flash.obj</name>
      </input_file>
      <input_file id="fl-16e">
         <path>C:\ti\CC3200SDK_1.0.0\cc3200-sdk\oslib\ccs\free_rtos\</path>
         <kind>archive</kind>
         <file>free_rtos.a</file>
         <name>osi_freertos.obj</name>
      </input_file>
      <input_file id="fl-16f">
         <path>C:\ti\CC3200SDK_1.0.0\cc3200-sdk\oslib\ccs\free_rtos\</path>
         <kind>archive</kind>
         <file>free_rtos.a</file>
         <name>port.obj</name>
      </input_file>
      <input_file id="fl-170">
         <path>C:\ti\CC3200SDK_1.0.0\cc3200-sdk\oslib\ccs\free_rtos\</path>
         <kind>archive</kind>
         <file>free_rtos.a</file>
         <name>portasm.obj</name>
      </input_file>
      <input_file id="fl-171">
         <path>C:\ti\CC3200SDK_1.0.0\cc3200-sdk\oslib\ccs\free_rtos\</path>
         <kind>archive</kind>
         <file>free_rtos.a</file>
         <name>queue.obj</name>
      </input_file>
      <input_file id="fl-172">
         <path>C:\ti\CC3200SDK_1.0.0\cc3200-sdk\oslib\ccs\free_rtos\</path>
         <kind>archive</kind>
         <file>free_rtos.a</file>
         <name>tasks.obj</name>
      </input_file>
      <input_file id="fl-173">
         <path>C:\ti\CC3200SDK_1.0.0\cc3200-sdk\oslib\ccs\free_rtos\</path>
         <kind>archive</kind>
         <file>free_rtos.a</file>
         <name>heap_3.obj</name>
      </input_file>
      <input_file id="fl-174">
         <path>C:\ti\CC3200SDK_1.0.0\cc3200-sdk\oslib\ccs\free_rtos\</path>
         <kind>archive</kind>
         <file>free_rtos.a</file>
         <name>list.obj</name>
      </input_file>
      <input_file id="fl-175">
         <path>c:\ti\ccsv6\tools\compiler\arm_5.1.6\lib\</path>
         <kind>archive</kind>
         <file>rtsv7M4_T_le_eabi.lib</file>
         <name>ll_lsr_t2.obj</name>
      </input_file>
   </input_file_list>
   <object_component_list>
      <object_component id="oc-e">
         <name>.intvecs</name>
         <load_address>0x20004000</load_address>
         <run_address>0x20004000</run_address>
         <size>0x400</size>
         <input_file_ref idref="fl-5"/>
      </object_component>
      <object_component id="oc-7a">
         <name>.text</name>
         <load_address>0x20004400</load_address>
         <run_address>0x20004400</run_address>
         <size>0x1258</size>
         <input_file_ref idref="fl-172"/>
      </object_component>
      <object_component id="oc-402">
         <name>.text</name>
         <load_address>0x20005658</load_address>
         <run_address>0x20005658</run_address>
         <size>0xec0</size>
         <input_file_ref idref="fl-14a"/>
      </object_component>
      <object_component id="oc-e3">
         <name>.text</name>
         <load_address>0x20006518</load_address>
         <run_address>0x20006518</run_address>
         <size>0xd0c</size>
         <input_file_ref idref="fl-8"/>
      </object_component>
      <object_component id="oc-2c4">
         <name>.text</name>
         <load_address>0x20007224</load_address>
         <run_address>0x20007224</run_address>
         <size>0xb24</size>
         <input_file_ref idref="fl-171"/>
      </object_component>
      <object_component id="oc-143">
         <name>.text</name>
         <load_address>0x20007d48</load_address>
         <run_address>0x20007d48</run_address>
         <size>0x45c</size>
         <input_file_ref idref="fl-16e"/>
      </object_component>
      <object_component id="oc-20b">
         <name>.text</name>
         <load_address>0x200081a4</load_address>
         <run_address>0x200081a4</run_address>
         <size>0x3cc</size>
         <input_file_ref idref="fl-144"/>
      </object_component>
      <object_component id="oc-62b">
         <name>.text:_SlDrvMsgRead</name>
         <load_address>0x20008570</load_address>
         <run_address>0x20008570</run_address>
         <size>0x3a6</size>
         <input_file_ref idref="fl-15d"/>
      </object_component>
      <object_component id="oc-487">
         <name>.text:IntDefaultHandler</name>
         <load_address>0x20008916</load_address>
         <run_address>0x20008916</run_address>
         <size>0x2</size>
         <input_file_ref idref="fl-165"/>
      </object_component>
      <object_component id="oc-1dd">
         <name>.text</name>
         <load_address>0x20008918</load_address>
         <run_address>0x20008918</run_address>
         <size>0x354</size>
         <input_file_ref idref="fl-2"/>
      </object_component>
      <object_component id="oc-631">
         <name>.text:_SlAsyncEventGenericHandler</name>
         <load_address>0x20008c6c</load_address>
         <run_address>0x20008c6c</run_address>
         <size>0x34c</size>
         <input_file_ref idref="fl-15d"/>
      </object_component>
      <object_component id="oc-2a4">
         <name>.text</name>
         <load_address>0x20008fb8</load_address>
         <run_address>0x20008fb8</run_address>
         <size>0x200</size>
         <input_file_ref idref="fl-7"/>
      </object_component>
      <object_component id="oc-58f">
         <name>.text</name>
         <load_address>0x200091b8</load_address>
         <run_address>0x200091b8</run_address>
         <size>0x1f4</size>
         <input_file_ref idref="fl-159"/>
      </object_component>
      <object_component id="oc-5bd">
         <name>.text</name>
         <load_address>0x200093ac</load_address>
         <run_address>0x200093ac</run_address>
         <size>0x1b6</size>
         <input_file_ref idref="fl-150"/>
      </object_component>
      <object_component id="oc-69d">
         <name>.text:_SlDrvRxHdrRead</name>
         <load_address>0x20009564</load_address>
         <run_address>0x20009564</run_address>
         <size>0x140</size>
         <input_file_ref idref="fl-15d"/>
      </object_component>
      <object_component id="oc-5a3">
         <name>.text</name>
         <load_address>0x200096a4</load_address>
         <run_address>0x200096a4</run_address>
         <size>0x136</size>
         <input_file_ref idref="fl-152"/>
      </object_component>
      <object_component id="oc-12b">
         <name>.text:PRCMCC3200MCUInit</name>
         <load_address>0x200097dc</load_address>
         <run_address>0x200097dc</run_address>
         <size>0x134</size>
         <input_file_ref idref="fl-167"/>
      </object_component>
      <object_component id="oc-2f6">
         <name>.text:spi_Open</name>
         <load_address>0x20009910</load_address>
         <run_address>0x20009910</run_address>
         <size>0x130</size>
         <input_file_ref idref="fl-163"/>
      </object_component>
      <object_component id="oc-d2">
         <name>.text</name>
         <load_address>0x20009a40</load_address>
         <run_address>0x20009a40</run_address>
         <size>0x12a</size>
         <input_file_ref idref="fl-174"/>
      </object_component>
      <object_component id="oc-13d">
         <name>.text</name>
         <load_address>0x20009b6c</load_address>
         <run_address>0x20009b6c</run_address>
         <size>0x11c</size>
         <input_file_ref idref="fl-9"/>
      </object_component>
      <object_component id="oc-521">
         <name>.text:_SlDrvMsgWrite</name>
         <load_address>0x20009c88</load_address>
         <run_address>0x20009c88</run_address>
         <size>0x114</size>
         <input_file_ref idref="fl-15d"/>
      </object_component>
      <object_component id="oc-37">
         <name>.text</name>
         <load_address>0x20009d9c</load_address>
         <run_address>0x20009d9c</run_address>
         <size>0x110</size>
         <input_file_ref idref="fl-16f"/>
      </object_component>
      <object_component id="oc-2fc">
         <name>.text:_SlDrvWaitForPoolObj</name>
         <load_address>0x20009eac</load_address>
         <run_address>0x20009eac</run_address>
         <size>0x10c</size>
         <input_file_ref idref="fl-15d"/>
      </object_component>
      <object_component id="oc-314">
         <name>.text:_SlDrvReleasePoolObj</name>
         <load_address>0x20009fb8</load_address>
         <run_address>0x20009fb8</run_address>
         <size>0x104</size>
         <input_file_ref idref="fl-15d"/>
      </object_component>
      <object_component id="oc-59e">
         <name>.text</name>
         <load_address>0x2000a0bc</load_address>
         <run_address>0x2000a0bc</run_address>
         <size>0xfc</size>
         <input_file_ref idref="fl-153"/>
      </object_component>
      <object_component id="oc-137">
         <name>.text</name>
         <load_address>0x2000a1b8</load_address>
         <run_address>0x2000a1b8</run_address>
         <size>0xf4</size>
         <input_file_ref idref="fl-b"/>
      </object_component>
      <object_component id="oc-44c">
         <name>.text:uDMAChannelTransferSet</name>
         <load_address>0x2000a2ac</load_address>
         <run_address>0x2000a2ac</run_address>
         <size>0xf0</size>
         <input_file_ref idref="fl-16a"/>
      </object_component>
      <object_component id="oc-1e3">
         <name>.text</name>
         <load_address>0x2000a39c</load_address>
         <run_address>0x2000a39c</run_address>
         <size>0xe8</size>
         <input_file_ref idref="fl-4"/>
      </object_component>
      <object_component id="oc-638">
         <name>.text:spi_Write</name>
         <load_address>0x2000a484</load_address>
         <run_address>0x2000a484</run_address>
         <size>0xe8</size>
         <input_file_ref idref="fl-163"/>
      </object_component>
      <object_component id="oc-6a9">
         <name>.text:spi_Read</name>
         <load_address>0x2000a56c</load_address>
         <run_address>0x2000a56c</run_address>
         <size>0xcc</size>
         <input_file_ref idref="fl-163"/>
      </object_component>
      <object_component id="oc-18e">
         <name>.text:sl_Stop</name>
         <load_address>0x2000a638</load_address>
         <run_address>0x2000a638</run_address>
         <size>0xc4</size>
         <input_file_ref idref="fl-15c"/>
      </object_component>
      <object_component id="oc-182">
         <name>.text:sl_Start</name>
         <load_address>0x2000a6fc</load_address>
         <run_address>0x2000a6fc</run_address>
         <size>0xc0</size>
         <input_file_ref idref="fl-15c"/>
      </object_component>
      <object_component id="oc-32">
         <name>.text</name>
         <load_address>0x2000a7bc</load_address>
         <run_address>0x2000a7bc</run_address>
         <size>0xba</size>
         <input_file_ref idref="fl-170"/>
      </object_component>
      <object_component id="oc-527">
         <name>.text:_SlDrvMsgReadCmdCtx</name>
         <load_address>0x2000a878</load_address>
         <run_address>0x2000a878</run_address>
         <size>0xb4</size>
         <input_file_ref idref="fl-15d"/>
      </object_component>
      <object_component id="oc-6f0">
         <name>.text:_SlDrvNetAppEventHandler</name>
         <load_address>0x2000a92c</load_address>
         <run_address>0x2000a92c</run_address>
         <size>0xb2</size>
         <input_file_ref idref="fl-15f"/>
      </object_component>
      <object_component id="oc-2b8">
         <name>.text:IntDisable</name>
         <load_address>0x2000a9e0</load_address>
         <run_address>0x2000a9e0</run_address>
         <size>0xa8</size>
         <input_file_ref idref="fl-165"/>
      </object_component>
      <object_component id="oc-125">
         <name>.text:IntEnable</name>
         <load_address>0x2000aa88</load_address>
         <run_address>0x2000aa88</run_address>
         <size>0xa8</size>
         <input_file_ref idref="fl-165"/>
      </object_component>
      <object_component id="oc-4b7">
         <name>.text:SPIConfigSetExpClk</name>
         <load_address>0x2000ab30</load_address>
         <run_address>0x2000ab30</run_address>
         <size>0xa0</size>
         <input_file_ref idref="fl-168"/>
      </object_component>
      <object_component id="oc-55">
         <name>.text</name>
         <load_address>0x2000abd0</load_address>
         <run_address>0x2000abd0</run_address>
         <size>0x9c</size>
         <input_file_ref idref="fl-142"/>
      </object_component>
      <object_component id="oc-6af">
         <name>.text:_SlFindAndSetActiveObj</name>
         <load_address>0x2000ac6c</load_address>
         <run_address>0x2000ac6c</run_address>
         <size>0x98</size>
         <input_file_ref idref="fl-15d"/>
      </object_component>
      <object_component id="oc-280">
         <name>.text:PRCMPeripheralClockGet</name>
         <load_address>0x2000ad04</load_address>
         <run_address>0x2000ad04</run_address>
         <size>0x94</size>
         <input_file_ref idref="fl-167"/>
      </object_component>
      <object_component id="oc-6a3">
         <name>.text:_SlDrvClassifyRxMsg</name>
         <load_address>0x2000ad98</load_address>
         <run_address>0x2000ad98</run_address>
         <size>0x94</size>
         <input_file_ref idref="fl-15d"/>
      </object_component>
      <object_component id="oc-40">
         <name>.text</name>
         <load_address>0x2000ae2c</load_address>
         <run_address>0x2000ae2c</run_address>
         <size>0x94</size>
         <input_file_ref idref="fl-14d"/>
      </object_component>
      <object_component id="oc-513">
         <name>.text:_SlDrvMsgReadSpawnCtx</name>
         <load_address>0x2000aec0</load_address>
         <run_address>0x2000aec0</run_address>
         <size>0x90</size>
         <input_file_ref idref="fl-15d"/>
      </object_component>
      <object_component id="oc-3e9">
         <name>.text:PinConfigSet</name>
         <load_address>0x2000af50</load_address>
         <run_address>0x2000af50</run_address>
         <size>0x88</size>
         <input_file_ref idref="fl-166"/>
      </object_component>
      <object_component id="oc-292">
         <name>.text</name>
         <load_address>0x2000afd8</load_address>
         <run_address>0x2000afd8</run_address>
         <size>0x88</size>
         <input_file_ref idref="fl-148"/>
      </object_component>
      <object_component id="oc-372">
         <name>.text:sl_NetAppMDNSRegisterUnregisterService</name>
         <load_address>0x2000b060</load_address>
         <run_address>0x2000b060</run_address>
         <size>0x88</size>
         <input_file_ref idref="fl-15f"/>
      </object_component>
      <object_component id="oc-599">
         <name>.text:__aeabi_cdcmple</name>
         <load_address>0x2000b0e8</load_address>
         <run_address>0x2000b0e8</run_address>
         <size>0x86</size>
         <input_file_ref idref="fl-151"/>
      </object_component>
      <object_component id="oc-5a8">
         <name>.text:__aeabi_cdrcmple</name>
         <load_address>0x2000b16e</load_address>
         <run_address>0x2000b16e</run_address>
         <size>0x86</size>
         <input_file_ref idref="fl-151"/>
      </object_component>
      <object_component id="oc-331">
         <name>.text:_SlDrvCmdOp</name>
         <load_address>0x2000b1f4</load_address>
         <run_address>0x2000b1f4</run_address>
         <size>0x84</size>
         <input_file_ref idref="fl-15d"/>
      </object_component>
      <object_component id="oc-38b">
         <name>.text:GPIOIntTypeSet</name>
         <load_address>0x2000b278</load_address>
         <run_address>0x2000b278</run_address>
         <size>0x82</size>
         <input_file_ref idref="fl-164"/>
      </object_component>
      <object_component id="oc-2ea">
         <name>.text:NwpPowerOnPreamble</name>
         <load_address>0x2000b2fc</load_address>
         <run_address>0x2000b2fc</run_address>
         <size>0x80</size>
         <input_file_ref idref="fl-163"/>
      </object_component>
      <object_component id="oc-2f0">
         <name>.text:_SlDrvDriverCBInit</name>
         <load_address>0x2000b37c</load_address>
         <run_address>0x2000b37c</run_address>
         <size>0x7c</size>
         <input_file_ref idref="fl-15d"/>
      </object_component>
      <object_component id="oc-656">
         <name>.text:_sl_HandleAsync_DnsGetHostByName</name>
         <load_address>0x2000b3f8</load_address>
         <run_address>0x2000b3f8</run_address>
         <size>0x7c</size>
         <input_file_ref idref="fl-15f"/>
      </object_component>
      <object_component id="oc-194">
         <name>.text:sl_DevGet</name>
         <load_address>0x2000b474</load_address>
         <run_address>0x2000b474</run_address>
         <size>0x7c</size>
         <input_file_ref idref="fl-15c"/>
      </object_component>
      <object_component id="oc-6fd">
         <name>.text:SetupDMAReceive</name>
         <load_address>0x2000b4f0</load_address>
         <run_address>0x2000b4f0</run_address>
         <size>0x78</size>
         <input_file_ref idref="fl-163"/>
      </object_component>
      <object_component id="oc-f4">
         <name>.text</name>
         <load_address>0x2000b568</load_address>
         <run_address>0x2000b568</run_address>
         <size>0x78</size>
         <input_file_ref idref="fl-145"/>
      </object_component>
      <object_component id="oc-286">
         <name>.text:UARTConfigSetExpClk</name>
         <load_address>0x2000b5e0</load_address>
         <run_address>0x2000b5e0</run_address>
         <size>0x76</size>
         <input_file_ref idref="fl-169"/>
      </object_component>
      <object_component id="oc-719">
         <name>.text:_sl_HandleAsync_InitComplete</name>
         <load_address>0x2000b658</load_address>
         <run_address>0x2000b658</run_address>
         <size>0x74</size>
         <input_file_ref idref="fl-15c"/>
      </object_component>
      <object_component id="oc-1d7">
         <name>.text:sl_WlanGet</name>
         <load_address>0x2000b6cc</load_address>
         <run_address>0x2000b6cc</run_address>
         <size>0x74</size>
         <input_file_ref idref="fl-162"/>
      </object_component>
      <object_component id="oc-342">
         <name>.text:spi_Close</name>
         <load_address>0x2000b740</load_address>
         <run_address>0x2000b740</run_address>
         <size>0x74</size>
         <input_file_ref idref="fl-163"/>
      </object_component>
      <object_component id="oc-662">
         <name>.text:_sl_HandleAsync_PingResponse</name>
         <load_address>0x2000b7b4</load_address>
         <run_address>0x2000b7b4</run_address>
         <size>0x70</size>
         <input_file_ref idref="fl-15f"/>
      </object_component>
      <object_component id="oc-3b8">
         <name>.text:sl_WlanSmartConfigStart</name>
         <load_address>0x2000b824</load_address>
         <run_address>0x2000b824</run_address>
         <size>0x70</size>
         <input_file_ref idref="fl-162"/>
      </object_component>
      <object_component id="oc-64a">
         <name>.text:_sl_HandleAsync_Connect</name>
         <load_address>0x2000b894</load_address>
         <run_address>0x2000b894</run_address>
         <size>0x68</size>
         <input_file_ref idref="fl-161"/>
      </object_component>
      <object_component id="oc-65c">
         <name>.text:_sl_HandleAsync_DnsGetHostByService</name>
         <load_address>0x2000b8fc</load_address>
         <run_address>0x2000b8fc</run_address>
         <size>0x68</size>
         <input_file_ref idref="fl-15f"/>
      </object_component>
      <object_component id="oc-644">
         <name>.text:_sl_HandleAsync_Accept</name>
         <load_address>0x2000b964</load_address>
         <run_address>0x2000b964</run_address>
         <size>0x64</size>
         <input_file_ref idref="fl-161"/>
      </object_component>
      <object_component id="oc-43a">
         <name>.text:uDMAChannelAttributeDisable</name>
         <load_address>0x2000b9c8</load_address>
         <run_address>0x2000b9c8</run_address>
         <size>0x64</size>
         <input_file_ref idref="fl-16a"/>
      </object_component>
      <object_component id="oc-446">
         <name>.text:uDMAChannelAttributeEnable</name>
         <load_address>0x2000ba2c</load_address>
         <run_address>0x2000ba2c</run_address>
         <size>0x64</size>
         <input_file_ref idref="fl-16a"/>
      </object_component>
      <object_component id="oc-68">
         <name>.text</name>
         <load_address>0x2000ba90</load_address>
         <run_address>0x2000ba90</run_address>
         <size>0x5e</size>
         <input_file_ref idref="fl-13e"/>
      </object_component>
      <object_component id="oc-131">
         <name>.text</name>
         <load_address>0x2000baf0</load_address>
         <run_address>0x2000baf0</run_address>
         <size>0x5c</size>
         <input_file_ref idref="fl-a"/>
      </object_component>
      <object_component id="oc-5b2">
         <name>.text</name>
         <load_address>0x2000bb4c</load_address>
         <run_address>0x2000bb4c</run_address>
         <size>0x5a</size>
         <input_file_ref idref="fl-157"/>
      </object_component>
      <object_component id="oc-4f6">
         <name>.text:IntPendClear</name>
         <load_address>0x2000bba8</load_address>
         <run_address>0x2000bba8</run_address>
         <size>0x58</size>
         <input_file_ref idref="fl-165"/>
      </object_component>
      <object_component id="oc-254">
         <name>.text:PRCMPeripheralReset</name>
         <load_address>0x2000bc00</load_address>
         <run_address>0x2000bc00</run_address>
         <size>0x58</size>
         <input_file_ref idref="fl-167"/>
      </object_component>
      <object_component id="oc-348">
         <name>.text:_SlDrvDriverCBDeinit</name>
         <load_address>0x2000bc58</load_address>
         <run_address>0x2000bc58</run_address>
         <size>0x58</size>
         <input_file_ref idref="fl-15d"/>
      </object_component>
      <object_component id="oc-650">
         <name>.text:_sl_HandleAsync_Select</name>
         <load_address>0x2000bcb0</load_address>
         <run_address>0x2000bcb0</run_address>
         <size>0x58</size>
         <input_file_ref idref="fl-161"/>
      </object_component>
      <object_component id="oc-2b2">
         <name>.text:IntPrioritySet</name>
         <load_address>0x2000bd08</load_address>
         <run_address>0x2000bd08</run_address>
         <size>0x54</size>
         <input_file_ref idref="fl-165"/>
      </object_component>
      <object_component id="oc-668">
         <name>.text:_sl_HandleAsync_Stop</name>
         <load_address>0x2000bd5c</load_address>
         <run_address>0x2000bd5c</run_address>
         <size>0x54</size>
         <input_file_ref idref="fl-15c"/>
      </object_component>
      <object_component id="oc-712">
         <name>.text:sl_NetAppSendTokenValue</name>
         <load_address>0x2000bdb0</load_address>
         <run_address>0x2000bdb0</run_address>
         <size>0x54</size>
         <input_file_ref idref="fl-15f"/>
      </object_component>
      <object_component id="oc-4d5">
         <name>.text:SPIIntEnable</name>
         <load_address>0x2000be04</load_address>
         <run_address>0x2000be04</run_address>
         <size>0x4c</size>
         <input_file_ref idref="fl-168"/>
      </object_component>
      <object_component id="oc-5ce">
         <name>.text</name>
         <load_address>0x2000be50</load_address>
         <run_address>0x2000be50</run_address>
         <size>0x4c</size>
         <input_file_ref idref="fl-14c"/>
      </object_component>
      <object_component id="oc-434">
         <name>.text:uDMAChannelAssign</name>
         <load_address>0x2000be9c</load_address>
         <run_address>0x2000be9c</run_address>
         <size>0x4c</size>
         <input_file_ref idref="fl-16a"/>
      </object_component>
      <object_component id="oc-31a">
         <name>.text:_sl_GetStartResponseConvert</name>
         <load_address>0x2000bee8</load_address>
         <run_address>0x2000bee8</run_address>
         <size>0x4a</size>
         <input_file_ref idref="fl-15c"/>
      </object_component>
      <object_component id="oc-561">
         <name>.text:GPIOGetIntNumber</name>
         <load_address>0x2000bf32</load_address>
         <run_address>0x2000bf32</run_address>
         <size>0x48</size>
         <input_file_ref idref="fl-164"/>
      </object_component>
      <object_component id="oc-61d">
         <name>.text:SPIIntClear</name>
         <load_address>0x2000bf7c</load_address>
         <run_address>0x2000bf7c</run_address>
         <size>0x48</size>
         <input_file_ref idref="fl-168"/>
      </object_component>
      <object_component id="oc-5ad">
         <name>.text</name>
         <load_address>0x2000bfc4</load_address>
         <run_address>0x2000bfc4</run_address>
         <size>0x48</size>
         <input_file_ref idref="fl-154"/>
      </object_component>
      <object_component id="oc-1b2">
         <name>.text:sl_WlanSet</name>
         <load_address>0x2000c00c</load_address>
         <run_address>0x2000c00c</run_address>
         <size>0x48</size>
         <input_file_ref idref="fl-162"/>
      </object_component>
      <object_component id="oc-613">
         <name>.text:SPIDmaMaskGet</name>
         <load_address>0x2000c054</load_address>
         <run_address>0x2000c054</run_address>
         <size>0x44</size>
         <input_file_ref idref="fl-168"/>
      </object_component>
      <object_component id="oc-9a">
         <name>.text</name>
         <load_address>0x2000c098</load_address>
         <run_address>0x2000c098</run_address>
         <size>0x44</size>
         <input_file_ref idref="fl-14e"/>
      </object_component>
      <object_component id="oc-4b">
         <name>.text</name>
         <load_address>0x2000c0dc</load_address>
         <run_address>0x2000c0dc</run_address>
         <size>0x44</size>
         <input_file_ref idref="fl-140"/>
      </object_component>
      <object_component id="oc-681">
         <name>.text</name>
         <load_address>0x2000c120</load_address>
         <run_address>0x2000c120</run_address>
         <size>0x44</size>
         <input_file_ref idref="fl-15b"/>
      </object_component>
      <object_component id="oc-1ac">
         <name>.text:sl_NetCfgSet</name>
         <load_address>0x2000c164</load_address>
         <run_address>0x2000c164</run_address>
         <size>0x44</size>
         <input_file_ref idref="fl-160"/>
      </object_component>
      <object_component id="oc-3e3">
         <name>.text:PinModeSet</name>
         <load_address>0x2000c1a8</load_address>
         <run_address>0x2000c1a8</run_address>
         <size>0x40</size>
         <input_file_ref idref="fl-166"/>
      </object_component>
      <object_component id="oc-323">
         <name>.text:_SlDrvRxIrqHandler</name>
         <load_address>0x2000c1e8</load_address>
         <run_address>0x2000c1e8</run_address>
         <size>0x40</size>
         <input_file_ref idref="fl-15d"/>
      </object_component>
      <object_component id="oc-4fe">
         <name>.text:_SlRemoveFromList</name>
         <load_address>0x2000c228</load_address>
         <run_address>0x2000c228</run_address>
         <size>0x40</size>
         <input_file_ref idref="fl-15d"/>
      </object_component>
      <object_component id="oc-19a">
         <name>.text:sl_WlanPolicySet</name>
         <load_address>0x2000c268</load_address>
         <run_address>0x2000c268</run_address>
         <size>0x40</size>
         <input_file_ref idref="fl-162"/>
      </object_component>
      <object_component id="oc-1c1">
         <name>.text:sl_WlanRxFilterSet</name>
         <load_address>0x2000c2a8</load_address>
         <run_address>0x2000c2a8</run_address>
         <size>0x40</size>
         <input_file_ref idref="fl-162"/>
      </object_component>
      <object_component id="oc-302">
         <name>.text:NwpPowerOff</name>
         <load_address>0x2000c2e8</load_address>
         <run_address>0x2000c2e8</run_address>
         <size>0x3c</size>
         <input_file_ref idref="fl-163"/>
      </object_component>
      <object_component id="oc-24e">
         <name>.text:PRCMPeripheralClkEnable</name>
         <load_address>0x2000c324</load_address>
         <run_address>0x2000c324</run_address>
         <size>0x3c</size>
         <input_file_ref idref="fl-167"/>
      </object_component>
      <object_component id="oc-498">
         <name>.text:_SlDrvObjInit</name>
         <load_address>0x2000c360</load_address>
         <run_address>0x2000c360</run_address>
         <size>0x3c</size>
         <input_file_ref idref="fl-15d"/>
      </object_component>
      <object_component id="oc-440">
         <name>.text:uDMAChannelControlSet</name>
         <load_address>0x2000c39c</load_address>
         <run_address>0x2000c39c</run_address>
         <size>0x3c</size>
         <input_file_ref idref="fl-16a"/>
      </object_component>
      <object_component id="oc-ee">
         <name>.text</name>
         <load_address>0x2000c3d8</load_address>
         <run_address>0x2000c3d8</run_address>
         <size>0x38</size>
         <input_file_ref idref="fl-173"/>
      </object_component>
      <object_component id="oc-273">
         <name>.text:GPIODirModeSet</name>
         <load_address>0x2000c410</load_address>
         <run_address>0x2000c410</run_address>
         <size>0x36</size>
         <input_file_ref idref="fl-164"/>
      </object_component>
      <object_component id="oc-4bd">
         <name>.text:PRCMPeripheralStatusGet</name>
         <load_address>0x2000c448</load_address>
         <run_address>0x2000c448</run_address>
         <size>0x34</size>
         <input_file_ref idref="fl-167"/>
      </object_component>
      <object_component id="oc-4cf">
         <name>.text:SPIFIFOLevelSet</name>
         <load_address>0x2000c47c</load_address>
         <run_address>0x2000c47c</run_address>
         <size>0x34</size>
         <input_file_ref idref="fl-168"/>
      </object_component>
      <object_component id="oc-35f">
         <name>.text:_SlDrvBasicCmd</name>
         <load_address>0x2000c4b0</load_address>
         <run_address>0x2000c4b0</run_address>
         <size>0x34</size>
         <input_file_ref idref="fl-15d"/>
      </object_component>
      <object_component id="oc-1fa">
         <name>.text</name>
         <load_address>0x2000c4e4</load_address>
         <run_address>0x2000c4e4</run_address>
         <size>0x34</size>
         <input_file_ref idref="fl-c"/>
      </object_component>
      <object_component id="oc-a1">
         <name>.text</name>
         <load_address>0x2000c518</load_address>
         <run_address>0x2000c518</run_address>
         <size>0x34</size>
         <input_file_ref idref="fl-3"/>
      </object_component>
      <object_component id="oc-11">
         <name>.text</name>
         <load_address>0x2000c54c</load_address>
         <run_address>0x2000c54c</run_address>
         <size>0x34</size>
         <input_file_ref idref="fl-13c"/>
      </object_component>
      <object_component id="oc-30e">
         <name>.text:NwpPowerOn</name>
         <load_address>0x2000c580</load_address>
         <run_address>0x2000c580</run_address>
         <size>0x30</size>
         <input_file_ref idref="fl-163"/>
      </object_component>
      <object_component id="oc-26d">
         <name>.text:PinTypeGPIO</name>
         <load_address>0x2000c5b0</load_address>
         <run_address>0x2000c5b0</run_address>
         <size>0x30</size>
         <input_file_ref idref="fl-166"/>
      </object_component>
      <object_component id="oc-3f4">
         <name>.text:UARTDisable</name>
         <load_address>0x2000c5e0</load_address>
         <run_address>0x2000c5e0</run_address>
         <size>0x30</size>
         <input_file_ref idref="fl-169"/>
      </object_component>
      <object_component id="oc-5b8">
         <name>.text</name>
         <load_address>0x2000c610</load_address>
         <run_address>0x2000c610</run_address>
         <size>0x2e</size>
         <input_file_ref idref="fl-155"/>
      </object_component>
      <object_component id="oc-4e4">
         <name>.text:DmaSpiSwIntHandler</name>
         <load_address>0x2000c640</load_address>
         <run_address>0x2000c640</run_address>
         <size>0x2c</size>
         <input_file_ref idref="fl-163"/>
      </object_component>
      <object_component id="oc-260">
         <name>.text:PRCMSysResetCauseGet</name>
         <load_address>0x2000c66c</load_address>
         <run_address>0x2000c66c</run_address>
         <size>0x2c</size>
         <input_file_ref idref="fl-167"/>
      </object_component>
      <object_component id="oc-53f">
         <name>.text:_SlDrvFlowContDeinit</name>
         <load_address>0x2000c698</load_address>
         <run_address>0x2000c698</run_address>
         <size>0x2c</size>
         <input_file_ref idref="fl-15e"/>
      </object_component>
      <object_component id="oc-49e">
         <name>.text:_SlDrvFlowContInit</name>
         <load_address>0x2000c6c4</load_address>
         <run_address>0x2000c6c4</run_address>
         <size>0x2c</size>
         <input_file_ref idref="fl-15e"/>
      </object_component>
      <object_component id="oc-25a">
         <name>.text:PRCMPeripheralClkDisable</name>
         <load_address>0x2000c6f0</load_address>
         <run_address>0x2000c6f0</run_address>
         <size>0x28</size>
         <input_file_ref idref="fl-167"/>
      </object_component>
      <object_component id="oc-188">
         <name>.text:sl_WlanSetMode</name>
         <load_address>0x2000c718</load_address>
         <run_address>0x2000c718</run_address>
         <size>0x28</size>
         <input_file_ref idref="fl-162"/>
      </object_component>
      <object_component id="oc-2be">
         <name>.text:IntUnregister</name>
         <load_address>0x2000c740</load_address>
         <run_address>0x2000c740</run_address>
         <size>0x24</size>
         <input_file_ref idref="fl-165"/>
      </object_component>
      <object_component id="oc-3fa">
         <name>.text:UARTEnable</name>
         <load_address>0x2000c764</load_address>
         <run_address>0x2000c764</run_address>
         <size>0x24</size>
         <input_file_ref idref="fl-169"/>
      </object_component>
      <object_component id="oc-1d1">
         <name>.text:sl_NetAppStart</name>
         <load_address>0x2000c788</load_address>
         <run_address>0x2000c788</run_address>
         <size>0x24</size>
         <input_file_ref idref="fl-15f"/>
      </object_component>
      <object_component id="oc-1cb">
         <name>.text:sl_NetAppStop</name>
         <load_address>0x2000c7ac</load_address>
         <run_address>0x2000c7ac</run_address>
         <size>0x24</size>
         <input_file_ref idref="fl-15f"/>
      </object_component>
      <object_component id="oc-1a0">
         <name>.text:sl_WlanProfileDel</name>
         <load_address>0x2000c7d0</load_address>
         <run_address>0x2000c7d0</run_address>
         <size>0x24</size>
         <input_file_ref idref="fl-162"/>
      </object_component>
      <object_component id="oc-308">
         <name>.text:NwpRegisterInterruptHandler</name>
         <load_address>0x2000c7f4</load_address>
         <run_address>0x2000c7f4</run_address>
         <size>0x22</size>
         <input_file_ref idref="fl-163"/>
      </object_component>
      <object_component id="oc-4b1">
         <name>.text:SPIReset</name>
         <load_address>0x2000c816</load_address>
         <run_address>0x2000c816</run_address>
         <size>0x22</size>
         <input_file_ref idref="fl-168"/>
      </object_component>
      <object_component id="oc-6c3">
         <name>.text:SPIWordCountSet</name>
         <load_address>0x2000c838</load_address>
         <run_address>0x2000c838</run_address>
         <size>0x22</size>
         <input_file_ref idref="fl-168"/>
      </object_component>
      <object_component id="oc-1f4">
         <name>.text</name>
         <load_address>0x2000c85a</load_address>
         <run_address>0x2000c85a</run_address>
         <size>0x22</size>
         <input_file_ref idref="fl-141"/>
      </object_component>
      <object_component id="oc-3a3">
         <name>.text:GPIOPinWrite</name>
         <load_address>0x2000c87c</load_address>
         <run_address>0x2000c87c</run_address>
         <size>0x20</size>
         <input_file_ref idref="fl-164"/>
      </object_component>
      <object_component id="oc-2ac">
         <name>.text:IntRegister</name>
         <load_address>0x2000c89c</load_address>
         <run_address>0x2000c89c</run_address>
         <size>0x20</size>
         <input_file_ref idref="fl-165"/>
      </object_component>
      <object_component id="oc-721">
         <name>.text:_SlDrvCmdSend</name>
         <load_address>0x2000c8bc</load_address>
         <run_address>0x2000c8bc</run_address>
         <size>0x20</size>
         <input_file_ref idref="fl-15d"/>
      </object_component>
      <object_component id="oc-391">
         <name>.text:GPIOIntRegister</name>
         <load_address>0x2000c8dc</load_address>
         <run_address>0x2000c8dc</run_address>
         <size>0x1e</size>
         <input_file_ref idref="fl-164"/>
      </object_component>
      <object_component id="oc-27a">
         <name>.text:UARTCharPut</name>
         <load_address>0x2000c8fa</load_address>
         <run_address>0x2000c8fa</run_address>
         <size>0x1e</size>
         <input_file_ref idref="fl-169"/>
      </object_component>
      <object_component id="oc-545">
         <name>.text:_SlDrvObjDeInit</name>
         <load_address>0x2000c918</load_address>
         <run_address>0x2000c918</run_address>
         <size>0x1c</size>
         <input_file_ref idref="fl-15d"/>
      </object_component>
      <object_component id="oc-5c8">
         <name>.text</name>
         <load_address>0x2000c934</load_address>
         <run_address>0x2000c934</run_address>
         <size>0x1c</size>
         <input_file_ref idref="fl-158"/>
      </object_component>
      <object_component id="oc-45e">
         <name>.text:uDMAChannelDisable</name>
         <load_address>0x2000c950</load_address>
         <run_address>0x2000c950</run_address>
         <size>0x1c</size>
         <input_file_ref idref="fl-16a"/>
      </object_component>
      <object_component id="oc-452">
         <name>.text:uDMAChannelEnable</name>
         <load_address>0x2000c96c</load_address>
         <run_address>0x2000c96c</run_address>
         <size>0x1c</size>
         <input_file_ref idref="fl-16a"/>
      </object_component>
      <object_component id="oc-458">
         <name>.text:uDMAChannelRequest</name>
         <load_address>0x2000c988</load_address>
         <run_address>0x2000c988</run_address>
         <size>0x1c</size>
         <input_file_ref idref="fl-16a"/>
      </object_component>
      <object_component id="oc-6d1">
         <name>.text:CopyPingResultsToReport</name>
         <load_address>0x2000c9a4</load_address>
         <run_address>0x2000c9a4</run_address>
         <size>0x1a</size>
         <input_file_ref idref="fl-15f"/>
      </object_component>
      <object_component id="oc-39d">
         <name>.text:GPIOIntEnable</name>
         <load_address>0x2000c9be</load_address>
         <run_address>0x2000c9be</run_address>
         <size>0x1a</size>
         <input_file_ref idref="fl-164"/>
      </object_component>
      <object_component id="oc-267">
         <name>.text:PinTypeUART</name>
         <load_address>0x2000c9d8</load_address>
         <run_address>0x2000c9d8</run_address>
         <size>0x1a</size>
         <input_file_ref idref="fl-166"/>
      </object_component>
      <object_component id="oc-538">
         <name>.text:SPIDmaDisable</name>
         <load_address>0x2000c9f2</load_address>
         <run_address>0x2000c9f2</run_address>
         <size>0x1a</size>
         <input_file_ref idref="fl-168"/>
      </object_component>
      <object_component id="oc-4c9">
         <name>.text:SPIDmaEnable</name>
         <load_address>0x2000ca0c</load_address>
         <run_address>0x2000ca0c</run_address>
         <size>0x1a</size>
         <input_file_ref idref="fl-168"/>
      </object_component>
      <object_component id="oc-532">
         <name>.text:SPIFIFODisable</name>
         <load_address>0x2000ca26</load_address>
         <run_address>0x2000ca26</run_address>
         <size>0x1a</size>
         <input_file_ref idref="fl-168"/>
      </object_component>
      <object_component id="oc-4c3">
         <name>.text:SPIFIFOEnable</name>
         <load_address>0x2000ca40</load_address>
         <run_address>0x2000ca40</run_address>
         <size>0x1a</size>
         <input_file_ref idref="fl-168"/>
      </object_component>
      <object_component id="oc-6f6">
         <name>.text:_SlDrvDeviceEventHandler</name>
         <load_address>0x2000ca5a</load_address>
         <run_address>0x2000ca5a</run_address>
         <size>0x1a</size>
         <input_file_ref idref="fl-15c"/>
      </object_component>
      <object_component id="oc-3a9">
         <name>.text:GPIOPinRead</name>
         <load_address>0x2000ca74</load_address>
         <run_address>0x2000ca74</run_address>
         <size>0x18</size>
         <input_file_ref idref="fl-164"/>
      </object_component>
      <object_component id="oc-4a5">
         <name>.text:SPICSDisable</name>
         <load_address>0x2000ca8c</load_address>
         <run_address>0x2000ca8c</run_address>
         <size>0x18</size>
         <input_file_ref idref="fl-168"/>
      </object_component>
      <object_component id="oc-6bd">
         <name>.text:SPICSEnable</name>
         <load_address>0x2000caa4</load_address>
         <run_address>0x2000caa4</run_address>
         <size>0x18</size>
         <input_file_ref idref="fl-168"/>
      </object_component>
      <object_component id="oc-4ab">
         <name>.text:SPIDisable</name>
         <load_address>0x2000cabc</load_address>
         <run_address>0x2000cabc</run_address>
         <size>0x18</size>
         <input_file_ref idref="fl-168"/>
      </object_component>
      <object_component id="oc-4db">
         <name>.text:SPIEnable</name>
         <load_address>0x2000cad4</load_address>
         <run_address>0x2000cad4</run_address>
         <size>0x18</size>
         <input_file_ref idref="fl-168"/>
      </object_component>
      <object_component id="oc-45">
         <name>.text</name>
         <load_address>0x2000caec</load_address>
         <run_address>0x2000caec</run_address>
         <size>0x18</size>
         <input_file_ref idref="fl-14b"/>
      </object_component>
      <object_component id="oc-594">
         <name>.text</name>
         <load_address>0x2000cb04</load_address>
         <run_address>0x2000cb04</run_address>
         <size>0x18</size>
         <input_file_ref idref="fl-156"/>
      </object_component>
      <object_component id="oc-242">
         <name>.text:PRCMHIBRegRead</name>
         <load_address>0x2000cb1c</load_address>
         <run_address>0x2000cb1c</run_address>
         <size>0x16</size>
         <input_file_ref idref="fl-167"/>
      </object_component>
      <object_component id="oc-248">
         <name>.text:PRCMHIBRegWrite</name>
         <load_address>0x2000cb32</load_address>
         <run_address>0x2000cb32</run_address>
         <size>0x16</size>
         <input_file_ref idref="fl-167"/>
      </object_component>
      <object_component id="oc-28c">
         <name>.text:UARTCharGet</name>
         <load_address>0x2000cb48</load_address>
         <run_address>0x2000cb48</run_address>
         <size>0x16</size>
         <input_file_ref idref="fl-169"/>
      </object_component>
      <object_component id="oc-422">
         <name>.text:uDMAIntRegister</name>
         <load_address>0x2000cb5e</load_address>
         <run_address>0x2000cb5e</run_address>
         <size>0x16</size>
         <input_file_ref idref="fl-16a"/>
      </object_component>
      <object_component id="oc-232">
         <name>.text:CPUcpsie</name>
         <load_address>0x2000cb74</load_address>
         <run_address>0x2000cb74</run_address>
         <size>0x14</size>
         <input_file_ref idref="fl-16c"/>
      </object_component>
      <object_component id="oc-397">
         <name>.text:GPIOIntClear</name>
         <load_address>0x2000cb88</load_address>
         <run_address>0x2000cb88</run_address>
         <size>0x14</size>
         <input_file_ref idref="fl-164"/>
      </object_component>
      <object_component id="oc-119">
         <name>.text:IntVTableBaseSet</name>
         <load_address>0x2000cb9c</load_address>
         <run_address>0x2000cb9c</run_address>
         <size>0x14</size>
         <input_file_ref idref="fl-165"/>
      </object_component>
      <object_component id="oc-6e9">
         <name>.text:_SlDrvShiftDWord</name>
         <load_address>0x2000cbb0</load_address>
         <run_address>0x2000cbb0</run_address>
         <size>0x14</size>
         <input_file_ref idref="fl-15d"/>
      </object_component>
      <object_component id="oc-151">
         <name>.text</name>
         <load_address>0x2000cbc4</load_address>
         <run_address>0x2000cbc4</run_address>
         <size>0x14</size>
         <input_file_ref idref="fl-149"/>
      </object_component>
      <object_component id="oc-1ee">
         <name>.text</name>
         <load_address>0x2000cbd8</load_address>
         <run_address>0x2000cbd8</run_address>
         <size>0x14</size>
         <input_file_ref idref="fl-147"/>
      </object_component>
      <object_component id="oc-42e">
         <name>.text:uDMAControlBaseSet</name>
         <load_address>0x2000cbec</load_address>
         <run_address>0x2000cbec</run_address>
         <size>0x14</size>
         <input_file_ref idref="fl-16a"/>
      </object_component>
      <object_component id="oc-41c">
         <name>.text:uDMAIntClear</name>
         <load_address>0x2000cc00</load_address>
         <run_address>0x2000cc00</run_address>
         <size>0x14</size>
         <input_file_ref idref="fl-16a"/>
      </object_component>
      <object_component id="oc-1c">
         <name>.text:decompress:ZI</name>
         <load_address>0x2000cc14</load_address>
         <run_address>0x2000cc14</run_address>
         <size>0x12</size>
         <input_file_ref idref="fl-13f"/>
      </object_component>
      <object_component id="oc-1b8">
         <name>.text:sl_NetAppMDNSUnRegisterService</name>
         <load_address>0x2000cc26</load_address>
         <run_address>0x2000cc26</run_address>
         <size>0x12</size>
         <input_file_ref idref="fl-15f"/>
      </object_component>
      <object_component id="oc-464">
         <name>.text:uDMAIntUnregister</name>
         <load_address>0x2000cc38</load_address>
         <run_address>0x2000cc38</run_address>
         <size>0x12</size>
         <input_file_ref idref="fl-16a"/>
      </object_component>
      <object_component id="oc-50d">
         <name>.text:NwpMaskInterrupt</name>
         <load_address>0x2000cc4c</load_address>
         <run_address>0x2000cc4c</run_address>
         <size>0x10</size>
         <input_file_ref idref="fl-163"/>
      </object_component>
      <object_component id="oc-16">
         <name>.text:decompress:none</name>
         <load_address>0x2000cc5c</load_address>
         <run_address>0x2000cc5c</run_address>
         <size>0xe</size>
         <input_file_ref idref="fl-13d"/>
      </object_component>
      <object_component id="oc-5c2">
         <name>.text</name>
         <load_address>0x2000cc6a</load_address>
         <run_address>0x2000cc6a</run_address>
         <size>0xe</size>
         <input_file_ref idref="fl-15a"/>
      </object_component>
      <object_component id="oc-2c">
         <name>.text</name>
         <load_address>0x2000cc78</load_address>
         <run_address>0x2000cc78</run_address>
         <size>0xe</size>
         <input_file_ref idref="fl-5"/>
      </object_component>
      <object_component id="oc-6b5">
         <name>.text:NwpUnMaskInterrupt</name>
         <load_address>0x2000cc88</load_address>
         <run_address>0x2000cc88</run_address>
         <size>0xc</size>
         <input_file_ref idref="fl-163"/>
      </object_component>
      <object_component id="oc-46a">
         <name>.text:uDMADisable</name>
         <load_address>0x2000cc94</load_address>
         <run_address>0x2000cc94</run_address>
         <size>0xc</size>
         <input_file_ref idref="fl-16a"/>
      </object_component>
      <object_component id="oc-428">
         <name>.text:uDMAEnable</name>
         <load_address>0x2000cca0</load_address>
         <run_address>0x2000cca0</run_address>
         <size>0xc</size>
         <input_file_ref idref="fl-16a"/>
      </object_component>
      <object_component id="oc-416">
         <name>.text:uDMAIntStatus</name>
         <load_address>0x2000ccac</load_address>
         <run_address>0x2000ccac</run_address>
         <size>0xc</size>
         <input_file_ref idref="fl-16a"/>
      </object_component>
      <object_component id="oc-11f">
         <name>.text:IntMasterEnable</name>
         <load_address>0x2000ccb8</load_address>
         <run_address>0x2000ccb8</run_address>
         <size>0xa</size>
         <input_file_ref idref="fl-165"/>
      </object_component>
      <object_component id="oc-1a6">
         <name>.text:sl_WlanDisconnect</name>
         <load_address>0x2000ccc2</load_address>
         <run_address>0x2000ccc2</run_address>
         <size>0x8</size>
         <input_file_ref idref="fl-162"/>
      </object_component>
      <object_component id="oc-3be">
         <name>.text:sl_WlanSmartConfigStop</name>
         <load_address>0x2000ccca</load_address>
         <run_address>0x2000ccca</run_address>
         <size>0x8</size>
         <input_file_ref idref="fl-162"/>
      </object_component>
      <object_component id="oc-1e9">
         <name>.text:UtilsDelay</name>
         <load_address>0x2000ccd2</load_address>
         <run_address>0x2000ccd2</run_address>
         <size>0x6</size>
         <input_file_ref idref="fl-16b"/>
      </object_component>
      <object_component id="oc-22">
         <name>.text:decompress:rle24</name>
         <load_address>0x2000ccd8</load_address>
         <run_address>0x2000ccd8</run_address>
         <size>0x6</size>
         <input_file_ref idref="fl-13e"/>
      </object_component>
      <object_component id="oc-68a">
         <name>.const:.string:_ctypes_</name>
         <load_address>0x2000cce0</load_address>
         <run_address>0x2000cce0</run_address>
         <size>0x102</size>
         <input_file_ref idref="fl-14f"/>
      </object_component>
      <object_component id="oc-588">
         <name>.const:g_ulPinToPadMap</name>
         <load_address>0x2000cde4</load_address>
         <run_address>0x2000cde4</run_address>
         <size>0x100</size>
         <input_file_ref idref="fl-166"/>
      </object_component>
      <object_component id="oc-337">
         <name>.const</name>
         <load_address>0x2000cee4</load_address>
         <run_address>0x2000cee4</run_address>
         <size>0xec</size>
         <input_file_ref idref="fl-162"/>
      </object_component>
      <object_component id="oc-482">
         <name>.const:g_pulRegs</name>
         <load_address>0x2000cfd0</load_address>
         <run_address>0x2000cfd0</run_address>
         <size>0xd4</size>
         <input_file_ref idref="fl-165"/>
      </object_component>
      <object_component id="oc-3db">
         <name>.const:PRCM_PeriphRegsList</name>
         <load_address>0x2000d0a4</load_address>
         <run_address>0x2000d0a4</run_address>
         <size>0xa8</size>
         <input_file_ref idref="fl-167"/>
      </object_component>
      <object_component id="oc-23e">
         <name>.const</name>
         <load_address>0x2000d14c</load_address>
         <run_address>0x2000d14c</run_address>
         <size>0x80</size>
         <input_file_ref idref="fl-165"/>
      </object_component>
      <object_component id="oc-553">
         <name>.const</name>
         <load_address>0x2000d1cc</load_address>
         <run_address>0x2000d1cc</run_address>
         <size>0x4c</size>
         <input_file_ref idref="fl-15d"/>
      </object_component>
      <object_component id="oc-1be">
         <name>.const:$P$T1$2</name>
         <load_address>0x2000d218</load_address>
         <run_address>0x2000d218</run_address>
         <size>0x2c</size>
         <input_file_ref idref="fl-8"/>
      </object_component>
      <object_component id="oc-380">
         <name>.const</name>
         <load_address>0x2000d244</load_address>
         <run_address>0x2000d244</run_address>
         <size>0x28</size>
         <input_file_ref idref="fl-15f"/>
      </object_component>
      <object_component id="oc-3c4">
         <name>.const:.string</name>
         <load_address>0x2000d26c</load_address>
         <run_address>0x2000d26c</run_address>
         <size>0x23</size>
         <input_file_ref idref="fl-4"/>
      </object_component>
      <object_component id="oc-1ca">
         <name>.const:.string:$P$T0$1</name>
         <load_address>0x2000d28f</load_address>
         <run_address>0x2000d28f</run_address>
         <size>0x22</size>
         <input_file_ref idref="fl-8"/>
      </object_component>
      <object_component id="oc-698">
         <name>.const</name>
         <load_address>0x2000d2b4</load_address>
         <run_address>0x2000d2b4</run_address>
         <size>0x18</size>
         <input_file_ref idref="fl-168"/>
      </object_component>
      <object_component id="oc-1c7">
         <name>.const</name>
         <load_address>0x2000d2cc</load_address>
         <run_address>0x2000d2cc</run_address>
         <size>0x14</size>
         <input_file_ref idref="fl-8"/>
      </object_component>
      <object_component id="oc-34e">
         <name>.const</name>
         <load_address>0x2000d2e0</load_address>
         <run_address>0x2000d2e0</run_address>
         <size>0x14</size>
         <input_file_ref idref="fl-15c"/>
      </object_component>
      <object_component id="oc-1ed">
         <name>.const:.string</name>
         <load_address>0x2000d2f4</load_address>
         <run_address>0x2000d2f4</run_address>
         <size>0x11</size>
         <input_file_ref idref="fl-8"/>
      </object_component>
      <object_component id="oc-366">
         <name>.const</name>
         <load_address>0x2000d308</load_address>
         <run_address>0x2000d308</run_address>
         <size>0x8</size>
         <input_file_ref idref="fl-160"/>
      </object_component>
      <object_component id="oc-748">
         <name>.cinit..data.load</name>
         <load_address>0x2000d310</load_address>
         <run_address>0x2000d310</run_address>
         <size>0x53</size>
      </object_component>
      <object_component id="oc-746">
         <name>__TI_handler_table</name>
         <load_address>0x2000d364</load_address>
         <run_address>0x2000d364</run_address>
         <size>0xc</size>
      </object_component>
      <object_component id="oc-749">
         <name>.cinit..bss.load</name>
         <load_address>0x2000d370</load_address>
         <run_address>0x2000d370</run_address>
         <size>0x8</size>
      </object_component>
      <object_component id="oc-747">
         <name>__TI_cinit_table</name>
         <load_address>0x2000d378</load_address>
         <run_address>0x2000d378</run_address>
         <size>0x10</size>
      </object_component>
      <object_component id="oc-51">
         <name>.data</name>
         <load_address>0x2001f964</load_address>
         <run_address>0x2001f964</run_address>
         <size>0x4</size>
         <input_file_ref idref="fl-146"/>
      </object_component>
      <object_component id="oc-80">
         <name>.data</name>
         <load_address>0x2001f8c0</load_address>
         <run_address>0x2001f8c0</run_address>
         <size>0x34</size>
         <input_file_ref idref="fl-172"/>
      </object_component>
      <object_component id="oc-84">
         <name>.data</name>
         <load_address>0x2001f960</load_address>
         <run_address>0x2001f960</run_address>
         <size>0x4</size>
         <input_file_ref idref="fl-16f"/>
      </object_component>
      <object_component id="oc-a9">
         <name>.data</name>
         <load_address>0x2001f950</load_address>
         <run_address>0x2001f950</run_address>
         <size>0x8</size>
         <input_file_ref idref="fl-149"/>
      </object_component>
      <object_component id="oc-ac">
         <name>.data</name>
         <load_address>0x2001f958</load_address>
         <run_address>0x2001f958</run_address>
         <size>0x8</size>
         <input_file_ref idref="fl-140"/>
      </object_component>
      <object_component id="oc-17e">
         <name>.data</name>
         <load_address>0x2001f8f4</load_address>
         <run_address>0x2001f8f4</run_address>
         <size>0x21</size>
         <input_file_ref idref="fl-8"/>
      </object_component>
      <object_component id="oc-2ca">
         <name>.data</name>
         <load_address>0x2001f938</load_address>
         <run_address>0x2001f938</run_address>
         <size>0xc</size>
         <input_file_ref idref="fl-16e"/>
      </object_component>
      <object_component id="oc-320">
         <name>.data</name>
         <load_address>0x2001f6d8</load_address>
         <run_address>0x2001f6d8</run_address>
         <size>0x184</size>
         <input_file_ref idref="fl-15d"/>
      </object_component>
      <object_component id="oc-3af">
         <name>.data</name>
         <load_address>0x2001f918</load_address>
         <run_address>0x2001f918</run_address>
         <size>0x20</size>
         <input_file_ref idref="fl-2"/>
      </object_component>
      <object_component id="oc-3ce">
         <name>.data</name>
         <load_address>0x2001f944</load_address>
         <run_address>0x2001f944</run_address>
         <size>0xc</size>
         <input_file_ref idref="fl-144"/>
      </object_component>
      <object_component id="oc-4e1">
         <name>.data</name>
         <load_address>0x2001f85c</load_address>
         <run_address>0x2001f85c</run_address>
         <size>0x64</size>
         <input_file_ref idref="fl-163"/>
      </object_component>
      <object_component id="oc-d8">
         <name>.bss:pxReadyTasksLists</name>
         <uninitialized>true</uninitialized>
         <run_address>0x2001f500</run_address>
         <size>0xc8</size>
         <input_file_ref idref="fl-172"/>
      </object_component>
      <object_component id="oc-174">
         <name>.bss:g_ucConnectionSSID</name>
         <uninitialized>true</uninitialized>
         <run_address>0x2001f618</run_address>
         <size>0x24</size>
         <input_file_ref idref="fl-8"/>
      </object_component>
      <object_component id="oc-1ea">
         <name>.bss:g_ucSSID</name>
         <uninitialized>true</uninitialized>
         <run_address>0x2001f63c</run_address>
         <size>0x24</size>
         <input_file_ref idref="fl-8"/>
      </object_component>
      <object_component id="oc-473">
         <name>.bss:gpCtlTbl</name>
         <uninitialized>true</uninitialized>
         <run_address>0x2001f000</run_address>
         <size>0x400</size>
         <input_file_ref idref="fl-7"/>
      </object_component>
      <object_component id="oc-476">
         <name>.bss:gfpAppCallbackHndl</name>
         <uninitialized>true</uninitialized>
         <run_address>0x2001f400</run_address>
         <size>0x100</size>
         <input_file_ref idref="fl-7"/>
      </object_component>
      <object_component id="oc-48e">
         <name>.bss:xQueueRegistry</name>
         <uninitialized>true</uninitialized>
         <run_address>0x2001f5c8</run_address>
         <size>0x50</size>
         <input_file_ref idref="fl-171"/>
      </object_component>
      <object_component id="oc-3b2">
         <name>.common:g_ucLED1Pin</name>
         <uninitialized>true</uninitialized>
         <run_address>0x2001f6d4</run_address>
         <size>0x1</size>
      </object_component>
      <object_component id="oc-3b5">
         <name>.common:g_ucLED2Pin</name>
         <uninitialized>true</uninitialized>
         <run_address>0x2001f6d5</run_address>
         <size>0x1</size>
      </object_component>
      <object_component id="oc-3b6">
         <name>.common:g_ucLED3Pin</name>
         <uninitialized>true</uninitialized>
         <run_address>0x2001f6d6</run_address>
         <size>0x1</size>
      </object_component>
      <object_component id="oc-470">
         <name>.common:iDone</name>
         <uninitialized>true</uninitialized>
         <run_address>0x2001f6d7</run_address>
         <size>0x1</size>
      </object_component>
      <object_component id="oc-181">
         <name>.common:g_ucConnectionBSSID</name>
         <uninitialized>true</uninitialized>
         <run_address>0x2001f6c4</run_address>
         <size>0x8</size>
      </object_component>
      <object_component id="oc-f9">
         <name>.common:xDelayedTaskList1</name>
         <uninitialized>true</uninitialized>
         <run_address>0x2001f660</run_address>
         <size>0x14</size>
      </object_component>
      <object_component id="oc-fa">
         <name>.common:xDelayedTaskList2</name>
         <uninitialized>true</uninitialized>
         <run_address>0x2001f674</run_address>
         <size>0x14</size>
      </object_component>
      <object_component id="oc-fd">
         <name>.common:pxDelayedTaskList</name>
         <uninitialized>true</uninitialized>
         <run_address>0x2001f6cc</run_address>
         <size>0x4</size>
      </object_component>
      <object_component id="oc-fe">
         <name>.common:pxOverflowDelayedTaskList</name>
         <uninitialized>true</uninitialized>
         <run_address>0x2001f6d0</run_address>
         <size>0x4</size>
      </object_component>
      <object_component id="oc-ed">
         <name>.common:xPendingReadyList</name>
         <uninitialized>true</uninitialized>
         <run_address>0x2001f688</run_address>
         <size>0x14</size>
      </object_component>
      <object_component id="oc-ff">
         <name>.common:xTasksWaitingTermination</name>
         <uninitialized>true</uninitialized>
         <run_address>0x2001f6b0</run_address>
         <size>0x14</size>
      </object_component>
      <object_component id="oc-fc">
         <name>.common:xSuspendedTaskList</name>
         <uninitialized>true</uninitialized>
         <run_address>0x2001f69c</run_address>
         <size>0x14</size>
      </object_component>
      <object_component id="oc-29">
         <name>.sysmem</name>
         <uninitialized>true</uninitialized>
         <run_address>0x20017000</run_address>
         <size>0x8</size>
         <input_file_ref idref="fl-144"/>
      </object_component>
      <object_component id="oc-74b">
         <name>.sysmem</name>
         <uninitialized>true</uninitialized>
         <run_address>0x20017000</run_address>
         <size>0x0</size>
      </object_component>
      <object_component id="oc-28">
         <name>.stack</name>
         <uninitialized>true</uninitialized>
         <run_address>0x2002f800</run_address>
         <size>0x0</size>
         <input_file_ref idref="fl-13c"/>
      </object_component>
      <object_component id="oc-74a">
         <name>.stack</name>
         <uninitialized>true</uninitialized>
         <run_address>0x2002f800</run_address>
         <size>0x0</size>
      </object_component>
      <object_component id="oc-f">
         <name>.debug_info</name>
         <load_address>0x0</load_address>
         <run_address>0x0</run_address>
         <size>0xc1</size>
         <input_file_ref idref="fl-5"/>
      </object_component>
      <object_component id="oc-12">
         <name>.debug_info</name>
         <load_address>0xc1</load_address>
         <run_address>0xc1</run_address>
         <size>0x108</size>
         <input_file_ref idref="fl-13c"/>
      </object_component>
      <object_component id="oc-1a">
         <name>.debug_info</name>
         <load_address>0x1c9</load_address>
         <run_address>0x1c9</run_address>
         <size>0x1a9</size>
         <input_file_ref idref="fl-13d"/>
      </object_component>
      <object_component id="oc-1f">
         <name>.debug_info</name>
         <load_address>0x372</load_address>
         <run_address>0x372</run_address>
         <size>0x17f</size>
         <input_file_ref idref="fl-13f"/>
      </object_component>
      <object_component id="oc-23">
         <name>.debug_info</name>
         <load_address>0x4f1</load_address>
         <run_address>0x4f1</run_address>
         <size>0x1a3</size>
         <input_file_ref idref="fl-13e"/>
      </object_component>
      <object_component id="oc-2a">
         <name>.debug_info</name>
         <load_address>0x694</load_address>
         <run_address>0x694</run_address>
         <size>0xcb</size>
         <input_file_ref idref="fl-144"/>
      </object_component>
      <object_component id="oc-2d">
         <name>.debug_info</name>
         <load_address>0x75f</load_address>
         <run_address>0x75f</run_address>
         <size>0x220</size>
         <input_file_ref idref="fl-5"/>
      </object_component>
      <object_component id="oc-33">
         <name>.debug_info</name>
         <load_address>0x97f</load_address>
         <run_address>0x97f</run_address>
         <size>0x1c5</size>
         <input_file_ref idref="fl-170"/>
      </object_component>
      <object_component id="oc-38">
         <name>.debug_info</name>
         <load_address>0xb44</load_address>
         <run_address>0xb44</run_address>
         <size>0xb62</size>
         <input_file_ref idref="fl-16f"/>
      </object_component>
      <object_component id="oc-3f">
         <name>.debug_info</name>
         <load_address>0x16a6</load_address>
         <run_address>0x16a6</run_address>
         <size>0x156</size>
         <input_file_ref idref="fl-5"/>
      </object_component>
      <object_component id="oc-41">
         <name>.debug_info</name>
         <load_address>0x17fc</load_address>
         <run_address>0x17fc</run_address>
         <size>0x152</size>
         <input_file_ref idref="fl-14d"/>
      </object_component>
      <object_component id="oc-46">
         <name>.debug_info</name>
         <load_address>0x194e</load_address>
         <run_address>0x194e</run_address>
         <size>0x131</size>
         <input_file_ref idref="fl-14b"/>
      </object_component>
[...]
         <object_component_ref idref="oc-143"/>
      </symbol>
      <symbol id="sm-f33">
         <name>osi_TaskDelete</name>
         <value>0x20007edf</value>
         <object_component_ref idref="oc-143"/>
      </symbol>
      <symbol id="sm-f34">
         <name>xHigherPriorityTaskWoken</name>
         <value>0x2001f938</value>
         <object_component_ref idref="oc-2ca"/>
      </symbol>
      <symbol id="sm-f35">
         <name>osi_InterruptRegister</name>
         <value>0x20007d49</value>
         <object_component_ref idref="oc-143"/>
      </symbol>
      <symbol id="sm-f36">
         <name>mem_set</name>
         <value>0x20008121</value>
         <object_component_ref idref="oc-143"/>
      </symbol>
      <symbol id="sm-f37">
         <name>osi_LockObjCreate</name>
         <value>0x20007e79</value>
         <object_component_ref idref="oc-143"/>
      </symbol>
      <symbol id="sm-f38">
         <name>osi_SyncObjSignal</name>
         <value>0x20007dcb</value>
         <object_component_ref idref="oc-143"/>
      </symbol>
      <symbol id="sm-f39">
         <name>mem_Malloc</name>
         <value>0x20008109</value>
         <object_component_ref idref="oc-143"/>
      </symbol>
      <symbol id="sm-f3a">
         <name>osi_SyncObjCreate</name>
         <value>0x20007d81</value>
         <object_component_ref idref="oc-143"/>
      </symbol>
      <symbol id="sm-f3b">
         <name>osi_SyncObjWait</name>
         <value>0x20007e2b</value>
         <object_component_ref idref="oc-143"/>
      </symbol>
      <symbol id="sm-f3c">
         <name>osi_SyncObjSignalFromISR</name>
         <value>0x20007df3</value>
         <object_component_ref idref="oc-143"/>
      </symbol>
      <symbol id="sm-f3d">
         <name>osi_ContextRestore</name>
         <value>0x2000818b</value>
         <object_component_ref idref="oc-143"/>
      </symbol>
      <symbol id="sm-f3e">
         <name>osi_start</name>
         <value>0x2000815d</value>
         <object_component_ref idref="oc-143"/>
      </symbol>
      <symbol id="sm-f3f">
         <name>osi_EnterCritical</name>
         <value>0x20008149</value>
         <object_component_ref idref="oc-143"/>
      </symbol>
      <symbol id="sm-f40">
         <name>osi_TaskCreate</name>
         <value>0x20007e9f</value>
         <object_component_ref idref="oc-143"/>
      </symbol>
      <symbol id="sm-f41">
         <name>osi_MsgQRead</name>
         <value>0x200080cd</value>
         <object_component_ref idref="oc-143"/>
      </symbol>
      <symbol id="sm-f42">
         <name>osi_MsgQCreate</name>
         <value>0x2000803d</value>
         <object_component_ref idref="oc-143"/>
      </symbol>
      <symbol id="sm-f43">
         <name>osi_ExitCritical</name>
         <value>0x20008153</value>
         <object_component_ref idref="oc-143"/>
      </symbol>
      <symbol id="sm-f44">
         <name>osi_LockObjLock</name>
         <value>0x20007efd</value>
         <object_component_ref idref="oc-143"/>
      </symbol>
      <symbol id="sm-f45">
         <name>VDeleteSimpleLinkSpawnTask</name>
         <value>0x20008011</value>
         <object_component_ref idref="oc-143"/>
      </symbol>
      <symbol id="sm-f46">
         <name>osi_SyncObjClear</name>
         <value>0x20007e57</value>
         <object_component_ref idref="oc-143"/>
      </symbol>
      <symbol id="sm-f47">
         <name>VStartSimpleLinkSpawnTask</name>
         <value>0x20007fc1</value>
         <object_component_ref idref="oc-143"/>
      </symbol>
      <symbol id="sm-f48">
         <name>osi_MsgQWrite</name>
         <value>0x2000809b</value>
         <object_component_ref idref="oc-143"/>
      </symbol>
      <symbol id="sm-f49">
         <name>osi_Sleep</name>
         <value>0x20008165</value>
         <object_component_ref idref="oc-143"/>
      </symbol>
      <symbol id="sm-f4a">
         <name>osi_SyncObjDelete</name>
         <value>0x20007db1</value>
         <object_component_ref idref="oc-143"/>
      </symbol>
      <symbol id="sm-f4b">
         <name>osi_TaskDisable</name>
         <value>0x20008175</value>
         <object_component_ref idref="oc-143"/>
      </symbol>
      <symbol id="sm-f4c">
         <name>osi_Spawn</name>
         <value>0x20007f53</value>
         <object_component_ref idref="oc-143"/>
      </symbol>
      <symbol id="sm-f4d">
         <name>mem_Free</name>
         <value>0x20008115</value>
         <object_component_ref idref="oc-143"/>
      </symbol>
      <symbol id="sm-f4e">
         <name>osi_ContextSave</name>
         <value>0x20008189</value>
         <object_component_ref idref="oc-143"/>
      </symbol>
      <symbol id="sm-f4f">
         <name>xSimpleLinkSpawnQueue</name>
         <value>0x2001f93c</value>
         <object_component_ref idref="oc-2ca"/>
      </symbol>
      <symbol id="sm-f50">
         <name>xSimpleLinkSpawnTaskHndl</name>
         <value>0x2001f940</value>
         <object_component_ref idref="oc-2ca"/>
      </symbol>
      <symbol id="sm-f78">
         <name>vPortSetupTimerInterrupt</name>
         <value>0x20009e79</value>
         <object_component_ref idref="oc-37"/>
      </symbol>
      <symbol id="sm-f79">
         <name>vPortEndScheduler</name>
         <value>0x20009e19</value>
         <object_component_ref idref="oc-37"/>
      </symbol>
      <symbol id="sm-f7a">
         <name>vPortYield</name>
         <value>0x20009e1b</value>
         <object_component_ref idref="oc-37"/>
      </symbol>
      <symbol id="sm-f7b">
         <name>xPortSysTickHandler</name>
         <value>0x20009e5d</value>
         <object_component_ref idref="oc-37"/>
      </symbol>
      <symbol id="sm-f7c">
         <name>pxPortInitialiseStack</name>
         <value>0x20009d9d</value>
         <object_component_ref idref="oc-37"/>
      </symbol>
      <symbol id="sm-f7d">
         <name>vPortExitCritical</name>
         <value>0x20009e45</value>
         <object_component_ref idref="oc-37"/>
      </symbol>
      <symbol id="sm-f7e">
         <name>xPortStartScheduler</name>
         <value>0x20009ded</value>
         <object_component_ref idref="oc-37"/>
      </symbol>
      <symbol id="sm-f7f">
         <name>vPortEnterCritical</name>
         <value>0x20009e2d</value>
         <object_component_ref idref="oc-37"/>
      </symbol>
      <symbol id="sm-f90">
         <name>portCLZ</name>
         <value>0x2000a871</value>
         <object_component_ref idref="oc-32"/>
      </symbol>
      <symbol id="sm-f91">
         <name>xPortPendSVHandler</name>
         <value>0x2000a7e5</value>
         <object_component_ref idref="oc-32"/>
      </symbol>
      <symbol id="sm-f92">
         <name>vPortClearInterruptMask</name>
         <value>0x2000a7d7</value>
         <object_component_ref idref="oc-32"/>
      </symbol>
      <symbol id="sm-f93">
         <name>ulPortSetInterruptMask</name>
         <value>0x2000a7c1</value>
         <object_component_ref idref="oc-32"/>
      </symbol>
      <symbol id="sm-f94">
         <name>prvPortStartFirstTask</name>
         <value>0x2000a859</value>
         <object_component_ref idref="oc-32"/>
      </symbol>
      <symbol id="sm-f95">
         <name>vPortSVCHandler</name>
         <value>0x2000a831</value>
         <object_component_ref idref="oc-32"/>
      </symbol>
      <symbol id="sm-1044">
         <name>xQueuePeekFromISR</name>
         <value>0x200078d5</value>
         <object_component_ref idref="oc-2c4"/>
      </symbol>
      <symbol id="sm-1045">
         <name>xQueueIsQueueEmptyFromISR</name>
         <value>0x20007b5b</value>
         <object_component_ref idref="oc-2c4"/>
      </symbol>
      <symbol id="sm-1046">
         <name>xQueueGenericSendFromISR</name>
         <value>0x2000767f</value>
         <object_component_ref idref="oc-2c4"/>
      </symbol>
      <symbol id="sm-1047">
         <name>uxQueueMessagesWaiting</name>
         <value>0x20007919</value>
         <object_component_ref idref="oc-2c4"/>
      </symbol>
      <symbol id="sm-1048">
         <name>vQueueAddToRegistry</name>
         <value>0x20007bbf</value>
         <object_component_ref idref="oc-2c4"/>
      </symbol>
      <symbol id="sm-1049">
         <name>xQueueIsQueueFullFromISR</name>
         <value>0x20007b9d</value>
         <object_component_ref idref="oc-2c4"/>
      </symbol>
      <symbol id="sm-104a">
         <name>xQueueSelectFromSet</name>
         <value>0x20007cc5</value>
         <object_component_ref idref="oc-2c4"/>
      </symbol>
      <symbol id="sm-104b">
         <name>xQueueGenericCreate</name>
         <value>0x200072b5</value>
         <object_component_ref idref="oc-2c4"/>
      </symbol>
      <symbol id="sm-104c">
         <name>xQueueSelectFromSetFromISR</name>
         <value>0x20007cdf</value>
         <object_component_ref idref="oc-2c4"/>
      </symbol>
      <symbol id="sm-104d">
         <name>xQueueCreateMutex</name>
         <value>0x2000732b</value>
         <object_component_ref idref="oc-2c4"/>
      </symbol>
      <symbol id="sm-104e">
         <name>vQueueSetQueueNumber</name>
         <value>0x20007993</value>
         <object_component_ref idref="oc-2c4"/>
      </symbol>
      <symbol id="sm-104f">
         <name>xQueueGenericSend</name>
         <value>0x200073c9</value>
         <object_component_ref idref="oc-2c4"/>
      </symbol>
      <symbol id="sm-1050">
         <name>xQueueGenericReset</name>
         <value>0x20007225</value>
         <object_component_ref idref="oc-2c4"/>
      </symbol>
      <symbol id="sm-1051">
         <name>xQueueReceiveFromISR</name>
         <value>0x2000785d</value>
         <object_component_ref idref="oc-2c4"/>
      </symbol>
      <symbol id="sm-1052">
         <name>uxQueueSpacesAvailable</name>
         <value>0x2000792f</value>
         <object_component_ref idref="oc-2c4"/>
      </symbol>
      <symbol id="sm-1053">
         <name>xQueueRegistry</name>
         <value>0x2001f5c8</value>
         <object_component_ref idref="oc-48e"/>
      </symbol>
      <symbol id="sm-1054">
         <name>vQueueUnregisterQueue</name>
         <value>0x20007c01</value>
         <object_component_ref idref="oc-2c4"/>
      </symbol>
      <symbol id="sm-1055">
         <name>xQueueAltGenericReceive</name>
         <value>0x20007581</value>
         <object_component_ref idref="oc-2c4"/>
      </symbol>
      <symbol id="sm-1056">
         <name>uxQueueMessagesWaitingFromISR</name>
         <value>0x2000794f</value>
         <object_component_ref idref="oc-2c4"/>
      </symbol>
      <symbol id="sm-1057">
         <name>uxQueueGetQueueNumber</name>
         <value>0x20007985</value>
         <object_component_ref idref="oc-2c4"/>
      </symbol>
      <symbol id="sm-1058">
         <name>xQueueGenericReceive</name>
         <value>0x2000771b</value>
         <object_component_ref idref="oc-2c4"/>
      </symbol>
      <symbol id="sm-1059">
         <name>xQueueCreateCountingSemaphore</name>
         <value>0x200073a9</value>
         <object_component_ref idref="oc-2c4"/>
      </symbol>
      <symbol id="sm-105a">
         <name>vQueueDelete</name>
         <value>0x20007961</value>
         <object_component_ref idref="oc-2c4"/>
      </symbol>
      <symbol id="sm-105b">
         <name>xQueueAddToSet</name>
         <value>0x20007c4f</value>
         <object_component_ref idref="oc-2c4"/>
      </symbol>
      <symbol id="sm-105c">
         <name>xQueueAltGenericSend</name>
         <value>0x200074d5</value>
         <object_component_ref idref="oc-2c4"/>
      </symbol>
      <symbol id="sm-105d">
         <name>xQueueCreateSet</name>
         <value>0x20007c3b</value>
         <object_component_ref idref="oc-2c4"/>
      </symbol>
      <symbol id="sm-105e">
         <name>xQueueRemoveFromSet</name>
         <value>0x20007c83</value>
         <object_component_ref idref="oc-2c4"/>
      </symbol>
      <symbol id="sm-105f">
         <name>ucQueueGetQueueType</name>
         <value>0x200079a5</value>
         <object_component_ref idref="oc-2c4"/>
      </symbol>
      <symbol id="sm-11cf">
         <name>vTaskDelay</name>
         <value>0x2000463b</value>
         <object_component_ref idref="oc-7a"/>
      </symbol>
      <symbol id="sm-11d0">
         <name>vTaskSuspendAll</name>
         <value>0x20004a9f</value>
         <object_component_ref idref="oc-7a"/>
      </symbol>
      <symbol id="sm-11d1">
         <name>vTaskPriorityInherit</name>
         <value>0x200054dd</value>
         <object_component_ref idref="oc-7a"/>
      </symbol>
      <symbol id="sm-11d2">
         <name>vTaskPlaceOnEventList</name>
         <value>0x20004e51</value>
         <object_component_ref idref="oc-7a"/>
      </symbol>
      <symbol id="sm-11d3">
         <name>vTaskSetTaskNumber</name>
         <value>0x200050e9</value>
         <object_component_ref idref="oc-7a"/>
      </symbol>
      <symbol id="sm-11d4">
         <name>xTaskCheckForTimeOut</name>
         <value>0x20005041</value>
         <object_component_ref idref="oc-7a"/>
      </symbol>
      <symbol id="sm-11d5">
         <name>xTaskRemoveFromUnorderedEventList</name>
         <value>0x20004fad</value>
         <object_component_ref idref="oc-7a"/>
      </symbol>
      <symbol id="sm-11d6">
         <name>vTaskPrioritySet</name>
         <value>0x2000475d</value>
         <object_component_ref idref="oc-7a"/>
      </symbol>
      <symbol id="sm-11d7">
         <name>vTaskStartScheduler</name>
         <value>0x20004a43</value>
         <object_component_ref idref="oc-7a"/>
      </symbol>
      <symbol id="sm-11d8">
         <name>pcTaskGetTaskName</name>
         <value>0x20004bb5</value>
         <object_component_ref idref="oc-7a"/>
      </symbol>
      <symbol id="sm-11d9">
         <name>vTaskPriorityDisinherit</name>
         <value>0x20005597</value>
         <object_component_ref idref="oc-7a"/>
      </symbol>
      <symbol id="sm-11da">
         <name>vTaskDelayUntil</name>
         <value>0x2000459f</value>
         <object_component_ref idref="oc-7a"/>
      </symbol>
      <symbol id="sm-11db">
         <name>uxTaskGetTaskNumber</name>
         <value>0x200050c9</value>
         <object_component_ref idref="oc-7a"/>
      </symbol>
      <symbol id="sm-11dc">
         <name>vTaskEndScheduler</name>
         <value>0x20004a8d</value>
         <object_component_ref idref="oc-7a"/>
      </symbol>
      <symbol id="sm-11dd">
         <name>vTaskMissedYield</name>
         <value>0x200050bb</value>
         <object_component_ref idref="oc-7a"/>
      </symbol>
      <symbol id="sm-11de">
         <name>uxTaskGetNumberOfTasks</name>
         <value>0x20004ba9</value>
         <object_component_ref idref="oc-7a"/>
      </symbol>
      <symbol id="sm-11df">
         <name>uxTaskPriorityGet</name>
         <value>0x20004725</value>
         <object_component_ref idref="oc-7a"/>
      </symbol>
      <symbol id="sm-11e0">
         <name>xTaskResumeAll</name>
         <value>0x20004ab1</value>
         <object_component_ref idref="oc-7a"/>
      </symbol>
      <symbol id="sm-11e1">
         <name>xTaskGetTickCount</name>
         <value>0x20004b7d</value>
         <object_component_ref idref="oc-7a"/>
      </symbol>
      <symbol id="sm-11e2">
         <name>xTaskGenericCreate</name>
         <value>0x20004401</value>
         <object_component_ref idref="oc-7a"/>
      </symbol>
      <symbol id="sm-11e3">
         <name>uxTaskGetSystemState</name>
         <value>0x20004bd9</value>
         <object_component_ref idref="oc-7a"/>
      </symbol>
      <symbol id="sm-11e4">
         <name>vTaskDelete</name>
         <value>0x2000450f</value>
         <object_component_ref idref="oc-7a"/>
      </symbol>
      <symbol id="sm-11e5">
         <name>pxCurrentTCB</name>
         <value>0x2001f8c0</value>
         <object_component_ref idref="oc-80"/>
      </symbol>
      <symbol id="sm-11e6">
         <name>eTaskGetState</name>
         <value>0x20004691</value>
         <object_component_ref idref="oc-7a"/>
      </symbol>
      <symbol id="sm-11e7">
         <name>vTaskSuspend</name>
         <value>0x20004861</value>
         <object_component_ref idref="oc-7a"/>
      </symbol>
      <symbol id="sm-11e8">
         <name>xTaskGetIdleTaskHandle</name>
         <value>0x20004c97</value>
         <object_component_ref idref="oc-7a"/>
      </symbol>
      <symbol id="sm-11e9">
         <name>xTaskGetTickCountFromISR</name>
         <value>0x20004b91</value>
         <object_component_ref idref="oc-7a"/>
      </symbol>
      <symbol id="sm-11ea">
         <name>vTaskResume</name>
         <value>0x20004955</value>
         <object_component_ref idref="oc-7a"/>
      </symbol>
      <symbol id="sm-11eb">
         <name>vTaskSetTimeOutState</name>
         <value>0x2000501b</value>
         <object_component_ref idref="oc-7a"/>
      </symbol>
      <symbol id="sm-11ec">
         <name>xTaskIncrementTick</name>
         <value>0x20004cb5</value>
         <object_component_ref idref="oc-7a"/>
      </symbol>
      <symbol id="sm-11ed">
         <name>vTaskSwitchContext</name>
         <value>0x20004dd1</value>
         <object_component_ref idref="oc-7a"/>
      </symbol>
      <symbol id="sm-11ee">
         <name>uxTaskResetEventItemValue</name>
         <value>0x20005621</value>
         <object_component_ref idref="oc-7a"/>
      </symbol>
      <symbol id="sm-11ef">
         <name>xTaskGetSchedulerState</name>
         <value>0x200054a5</value>
         <object_component_ref idref="oc-7a"/>
      </symbol>
      <symbol id="sm-11f0">
         <name>xTaskResumeFromISR</name>
         <value>0x200049c9</value>
         <object_component_ref idref="oc-7a"/>
      </symbol>
      <symbol id="sm-11f1">
         <name>xTaskGetCurrentTaskHandle</name>
         <value>0x20005491</value>
         <object_component_ref idref="oc-7a"/>
      </symbol>
      <symbol id="sm-11f2">
         <name>vTaskPlaceOnUnorderedEventList</name>
         <value>0x20004eb5</value>
         <object_component_ref idref="oc-7a"/>
      </symbol>
      <symbol id="sm-11f3">
         <name>xTaskRemoveFromEventList</name>
         <value>0x20004f25</value>
         <object_component_ref idref="oc-7a"/>
      </symbol>
      <symbol id="sm-1203">
         <name>pvPortMalloc</name>
         <value>0x2000c3d9</value>
         <object_component_ref idref="oc-ee"/>
      </symbol>
      <symbol id="sm-1204">
         <name>vPortFree</name>
         <value>0x2000c3f9</value>
         <object_component_ref idref="oc-ee"/>
      </symbol>
      <symbol id="sm-121a">
         <name>uxListRemove</name>
         <value>0x20009b23</value>
         <object_component_ref idref="oc-d2"/>
      </symbol>
      <symbol id="sm-121b">
         <name>vListInsert</name>
         <value>0x20009abd</value>
         <object_component_ref idref="oc-d2"/>
      </symbol>
      <symbol id="sm-121c">
         <name>vListInitialiseItem</name>
         <value>0x20009a71</value>
         <object_component_ref idref="oc-d2"/>
      </symbol>
      <symbol id="sm-121d">
         <name>vListInsertEnd</name>
         <value>0x20009a81</value>
         <object_component_ref idref="oc-d2"/>
      </symbol>
      <symbol id="sm-121e">
         <name>vListInitialise</name>
         <value>0x20009a41</value>
         <object_component_ref idref="oc-d2"/>
      </symbol>
      <symbol id="sm-1220">
         <name>__TI_static_base__</name>
         <value>0x2000d310</value>
      </symbol>
      <symbol id="sm-1221">
         <name>__TI_args_main</name>
         <value>0x1</value>
      </symbol>
      <symbol id="sm-1222">
         <name>SHT$$INIT_ARRAY$$Limit</name>
         <value>0x0</value>
      </symbol>
      <symbol id="sm-1223">
         <name>SHT$$INIT_ARRAY$$Base</name>
         <value>0x0</value>
      </symbol>
   </symbol_table>
   <title>Link successful</title>
</link_info>
